// Jest Snapshot v1, https://goo.gl/fbAQLP

exports[`RICWidget renders RIC-Widget component 1`] = `
<DocumentFragment>
  <div
    id="RICWid"
  >
    <div>
      <h3>
        Related Products
      </h3>
      <div
        class="RICList"
      />
    </div>
    <div>
      <h3>
        Your Outfit
      </h3>
      <div
        class="RICList"
      >
        <div
          class="AddCard"
        >
          <div>
            <div>
              âŠ•
            </div>
            <div>
              Add to Outfit
            </div>
          </div>
        </div>
      </div>
    </div>
  </div>
</DocumentFragment>
`;
